// Vitest Snapshot v1, https://vitest.dev/guide/snapshot.html

exports[`editorStateFromPromptString > parse templates 1`] = `
{
  "children": [
    {
      "children": [
        {
          "detail": 0,
          "format": 0,
          "mode": "normal",
          "style": "",
          "text": "Generate tests for ",
          "type": "text",
          "version": 1,
        },
        {
          "contextItem": {
            "content": undefined,
            "range": undefined,
            "source": "editor",
            "type": "file",
            "uri": "file:///foo.go",
          },
          "isFromInitialContext": false,
          "text": "foo.go",
          "type": "contextItemMention",
          "version": 1,
        },
        {
          "detail": 0,
          "format": 0,
          "mode": "normal",
          "style": "",
          "text": " using ",
          "type": "text",
          "version": 1,
        },
        {
          "templateInput": {
            "placeholder": "mention framework",
          },
          "type": "templateInput",
          "version": 1,
        },
        {
          "detail": 0,
          "format": 0,
          "mode": "normal",
          "style": "",
          "text": " framework to generate the unit tests",
          "type": "text",
          "version": 1,
        },
      ],
      "direction": null,
      "format": "",
      "indent": 0,
      "type": "paragraph",
      "version": 1,
    },
  ],
  "direction": null,
  "format": "",
  "indent": 0,
  "type": "root",
  "version": 1,
}
`;
