// Vitest Snapshot v1, https://vitest.dev/guide/snapshot.html

exports[`Autoedit > autoedit - completions > autocomplete/execute multiline (non-empty result) 1`] = `
[
  "    const n = arr.length;
    for (let i = 0; i < n - 1; i++) {
        for (let j = 0; j < n - i - 1; j++) {
            if (arr[j] > arr[j + 1]) {
                // Swap arr[j] and arr[j + 1]
                const temp = arr[j];
                arr[j] = arr[j + 1];
                arr[j + 1] = temp;
            }
        }
    }
    return arr;",
]
`;
