// Vitest Snapshot v1, https://vitest.dev/guide/snapshot.html

exports[`Custom Commands > commands/custom, chat command, open tabs context 1`] = `
"• src/example1.ts
• src/example2.ts
• src/example3.ts"
`;

exports[`Custom Commands > commands/custom, edit command, edit mode 1`] = `
"export interface Animal {
    name: string
    makeAnimalSound(): string
    isMammal: boolean
    logName(): void
}"
`;

exports[`Custom Commands > commands/custom, edit command, insert mode 1`] = `
"// hello
export function sum(a: number, b: number): number {
    /* CURSOR */
}
"
`;
