// Vitest Snapshot v1, https://vitest.dev/guide/snapshot.html

exports[`Agent > Chat > chat/submitMessage (long message) 1`] = `
"I'll create a simple Hello World function in Java. Here's a clean and straightforward implementation:

\`\`\`java:src/HelloWorld.java
public class HelloWorld {
    public static void sayHello() {
        System.out.println("Hello, World!");
    }

    public static void main(String[] args) {
        sayHello();
    }
}
\`\`\`

To compile and run this program, you can use these commands:

\`\`\`bash
javac src/HelloWorld.java
\`\`\`

\`\`\`bash
java -cp src HelloWorld
\`\`\`

This Java program includes:
- A dedicated \`sayHello()\` function that prints the greeting
- A \`main()\` method that calls our function
- Clean, standard Java naming conventions
- A simple and reusable structure

Feel free to use this as a starting point for more complex Java programs!"
`;

exports[`Agent > Chat > chat/submitMessage (short message) 1`] = `
{
  "model": "anthropic::2024-10-22::claude-3-5-sonnet-latest",
  "speaker": "assistant",
  "text": "Hi there! Great to meet you! I'm Cody, ready to help you with any coding or technical questions you may have. What would you like to work on together?",
}
`;

exports[`Agent > Chat > chat/submitMessage (with mock context) 1`] = `
"\`\`\`typescript:src/dog.ts
export class Dog implements Animal {
    name: string;
    isMammal = true;

    constructor(name: string) {
        this.name = name;
    }

    makeAnimalSound(): string {
        return "Woof!";
    }
}
\`\`\`"
`;

exports[`Agent > Commands > commands/explain 1`] = `
"The code you have shared is an excerpt from a TypeScript file called \`animal.ts\`, and it defines an interface called \`Animal\`. An interface is a concept in TypeScript (and other programming languages) that allows you to define a blueprint for an object, specifying its structure and behavior.

The \`Animal\` interface defines a shape for objects that represent animals in a program. Specifically, it specifies that any object that claims to be an animal should have three properties: \`name\` of type string, \`makeAnimalSound\` of type function, and \`isMammal\` of type boolean.

The \`name\` property represents the name of the animal, such as "cat" or "dog". The \`makeAnimalSound\` property is a function that simulates the sound the animal makes. The \`isMammal\` property specifies if the animal is a mammal, represented by a boolean value of \`true\` or \`false\`.

In summary, the purpose of the code in \`animal.ts\` is to define the structure and behavior of animal objects in a TypeScript program. By specifying the required properties and methods of the \`Animal\` interface, it ensures that any object that claims to be an animal meets certain criteria. The interface takes no inputs, but any object that is created to conform to this interface will have the three properties specified in the interface.

The output of this code is not a specific value, but rather a blueprint for what an animal object in this program should look like. It is up to the programmer to create objects that conform to this interface and implement the required properties and methods.

The \`Animal\` interface achieves its purpose by specifying the structure and behavior of animal objects in the program. By requiring that any object that claims to be an animal has a \`name\`, \`makeAnimalSound\`, and \`isMammal\` property, it provides a clear definition of what an animal is in this program. This makes it easier for other parts of the program to interact with these objects, as they know what properties and methods to expect.

Overall, the code you have shared is an important part of defining the structure and behavior of animal objects in a TypeScript program. By specifying an interface for these objects, it provides a clear and consistent definition of what an animal is in the program, making it easier for other parts of the program to interact with these objects."
`;

exports[`Agent > Commands > commands/smell 1`] = `
"Here are 5 suggestions to improve the code:

1. Extract type \`AnimalSound\` from \`makeAnimalSound\` method:
Defining a separate type \`AnimalSound\` for return type of \`makeAnimalSound\` method can make it more explicit and easier to understand.
\`\`\`ts
type AnimalSound = string;

export interface Animal {
    name: string
    makeAnimalSound(): AnimalSound
    isMammal: boolean
}
\`\`\`
2. Add TypeScript type annotations to variables and parameters:
Adding type annotations to variables and parameters in the codebase can help catch errors earlier and improve maintainability.
\`\`\`ts
interface Animal {
    name: string
    makeAnimalSound(): AnimalSound
    isMammal: boolean
}

const anAnimal: Animal = {
    name: 'Lion',
    makeAnimalSound() {
        return 'Roar';
    },
    isMammal: true,
};
\`\`\`
3. Use consistency in capitalization:
Capitalization should be consistent throughout the codebase. For example, in the current code, \`isMammal\` is in lowercase, which could be confusing.
\`\`\`ts
interface Animal {
    name: string
    makeAnimalSound(): AnimalSound
    isMammal: boolean
}
\`\`\`
4. Provide default values for method parameters:
Providing default values for method parameters can make it clear what the method does and what values are expected.
For example:
\`\`\`ts
interface Animal {
    name: string
    makeAnimalSound(animalSound: AnimalSound = 'none'): AnimalSound
    isMammal: boolean
}
\`\`\`
5. Write method signatures with correct types:
Currently, the method \`makeAnimalSound()\` does not have a correct type. It should be \`makeAnimalSound(): AnimalSound\`.
\`\`\`ts
interface Animal {
    name: string
    makeAnimalSound(): AnimalSound
    isMammal: boolean
}
\`\`\`
Overall, the code is well-written and follows good design principles. However, adding type annotations, improving capitalization and parameter defaults can help improve readability and maintainability further."
`;
